// Jest Snapshot v1, https://goo.gl/fbAQLP

exports[`<Header /> should render correctly with all props 1`] = `
<header
  className="grid grid-cols-1 gap-1"
>
  <h2
    className="text-2xl"
    data-testid="Test title Subtitle"
  >
    Test title
  </h2>
  <h4
    className="text-sm"
    data-testid="Test subtitle Subtitle"
  >
    Test subtitle
  </h4>
  <p
    className="text-neutral-500"
    data-testid="Test Description Description"
  >
    Test Description
  </p>
</header>
`;

exports[`<Header /> should render correctly with subtitle provided 1`] = `
<header>
  <h4
    className="themes_styles_h4__xd3hr9o defaults_defaults_h4__cxs0rs3"
    data-testid="Test subtitle Subtitle"
  >
    Test subtitle
  </h4>
</header>
`;

exports[`<Header /> should render correctly with title provided 1`] = `
<header>
  <h2
    className="themes_styles_h2__xd3hr9m defaults_defaults_h2__cxs0rs1"
    data-testid="Test title Subtitle"
  >
    Test title
  </h2>
</header>
`;

exports[`<Header /> should render nothing if title and subtitle are not provided 1`] = `null`;
