// Jest Snapshot v1, https://goo.gl/fbAQLP

exports[`<FrontMatter /> should render nothing if title and subtitle are not provided 1`] = `
<section
  style={
    {
      "display": "flex",
      "flexDirection": "column",
      "gap": ".5rem",
    }
  }
>
  <div
    style={
      {
        "flexWrap": "wrap",
        "gap": "4px",
        "paddingLeft": undefined,
      }
    }
  >
    <strong
      className="themes_styles_strong__xd3hr9t defaults_defaults_strong__cxs0rs7"
      style={
        {
          "textTransform": "capitalize",
        }
      }
    >
      blog
      : 
    </strong>
    <span>
      -
    </span>
  </div>
  <div
    style={
      {
        "flexWrap": "wrap",
        "gap": "4px",
        "paddingLeft": undefined,
      }
    }
  >
    <strong
      className="themes_styles_strong__xd3hr9t defaults_defaults_strong__cxs0rs7"
      style={
        {
          "textTransform": "capitalize",
        }
      }
    >
      frontMatter
      : 
    </strong>
    <section
      style={
        {
          "display": "flex",
          "flexDirection": "column",
          "gap": ".5rem",
        }
      }
    >
      <div
        style={
          {
            "flexWrap": "wrap",
            "gap": "4px",
            "paddingLeft": "1rem",
          }
        }
      >
        <strong
          className="themes_styles_strong__xd3hr9t defaults_defaults_strong__cxs0rs7"
          style={
            {
              "textTransform": "capitalize",
            }
          }
        >
          job
          : 
        </strong>
        <span>
          software engineer
        </span>
      </div>
      <div
        style={
          {
            "flexWrap": "wrap",
            "gap": "4px",
            "paddingLeft": "1rem",
          }
        }
      >
        <strong
          className="themes_styles_strong__xd3hr9t defaults_defaults_strong__cxs0rs7"
          style={
            {
              "textTransform": "capitalize",
            }
          }
        >
          doesProgram
          : 
        </strong>
        <span>
          true
        </span>
      </div>
      <div
        style={
          {
            "flexWrap": "wrap",
            "gap": "4px",
            "paddingLeft": "1rem",
          }
        }
      >
        <strong
          className="themes_styles_strong__xd3hr9t defaults_defaults_strong__cxs0rs7"
          style={
            {
              "textTransform": "capitalize",
            }
          }
        >
          number
          : 
        </strong>
        <span>
          10
        </span>
      </div>
    </section>
  </div>
</section>
`;
